// Jest Snapshot v1, https://goo.gl/fbAQLP

exports[`BaseSuspend.vue renders properly 1`] = `<div></div>`;
