// Jest Snapshot v1, https://goo.gl/fbAQLP

exports[`TheFooter.vue renders properly 1`] = `
<div class="footer">
  <div class="footer-section">
    Made with â™¥ and
    <a target="_blank" href="https://vuejs.org">Vue</a>
    by
    <a target="_blank" href="https://github.com/falusi94">@falusi94</a>
  </div>
  <div class="footer-section">
    Data is from the <a target="_blank" href="https://punkapi.com">Punk API</a></div>
</div>
`;
