// Jest Snapshot v1, https://goo.gl/fbAQLP

exports[`TheSpinner.vue renders properly 1`] = `
<div>
  <div class="spinner-container"><img src="../assets/spinner.png" alt="Loading" class="spinner-image"></div>
  <div class="spinner-text">
    Loading...
  </div>
</div>
`;
